CRITICAL - 2026-05-04 13:28:10 --> ErrorException: Undefined array key "coordinat_wilayah"
[Method: GET, Route: Wilayah]
in APPPATH\Views\wilayah\v_index.php on line 80.
 1 APPPATH\Views\wilayah\v_index.php(80): CodeIgniter\Debug\Exceptions->errorHandler(2, 'Undefined array key "coordinat_wilayah"', 'D:\\laragon\\www\\gis_apotekk\\app\\Views\\wilayah\\v_index.php', 80)
 2 SYSTEMPATH\View\View.php(240): include('D:\\laragon\\www\\gis_apotekk\\app\\Views\\wilayah\\v_index.php')
 3 SYSTEMPATH\View\View.php(243): CodeIgniter\View\View->CodeIgniter\View\{closure}()
 4 SYSTEMPATH\Common.php(1250): CodeIgniter\View\View->render('wilayah/v_index', [], true)
 5 APPPATH\Views\v_template_back_end.php(218): view('wilayah/v_index')
 6 SYSTEMPATH\View\View.php(240): include('D:\\laragon\\www\\gis_apotekk\\app\\Views\\v_template_back_end.php')
 7 SYSTEMPATH\View\View.php(243): CodeIgniter\View\View->CodeIgniter\View\{closure}()
 8 SYSTEMPATH\Common.php(1250): CodeIgniter\View\View->render('v_template_back_end', [], true)
 9 APPPATH\Controllers\Wilayah.php(28): view('v_template_back_end', [...])
10 SYSTEMPATH\CodeIgniter.php(951): App\Controllers\Wilayah->index()
11 SYSTEMPATH\CodeIgniter.php(497): CodeIgniter\CodeIgniter->runController(Object(App\Controllers\Wilayah))
12 SYSTEMPATH\CodeIgniter.php(340): CodeIgniter\CodeIgniter->handleRequest(null, Object(Config\Cache), false)
13 SYSTEMPATH\Boot.php(417): CodeIgniter\CodeIgniter->run()
14 SYSTEMPATH\Boot.php(68): CodeIgniter\Boot::runCodeIgniter(Object(CodeIgniter\CodeIgniter))
15 FCPATH\index.php(59): CodeIgniter\Boot::bootWeb(Object(Config\Paths))
16 SYSTEMPATH\rewrite.php(44): require_once('D:\\laragon\\www\\gis_apotekk\\public\\index.php')
CRITICAL - 2026-05-04 13:28:34 --> ErrorException: Undefined array key "koordinat_wilayah"
[Method: GET, Route: Wilayah]
in APPPATH\Views\wilayah\v_index.php on line 80.
 1 APPPATH\Views\wilayah\v_index.php(80): CodeIgniter\Debug\Exceptions->errorHandler(2, 'Undefined array key "koordinat_wilayah"', 'D:\\laragon\\www\\gis_apotekk\\app\\Views\\wilayah\\v_index.php', 80)
 2 SYSTEMPATH\View\View.php(240): include('D:\\laragon\\www\\gis_apotekk\\app\\Views\\wilayah\\v_index.php')
 3 SYSTEMPATH\View\View.php(243): CodeIgniter\View\View->CodeIgniter\View\{closure}()
 4 SYSTEMPATH\Common.php(1250): CodeIgniter\View\View->render('wilayah/v_index', [], true)
 5 APPPATH\Views\v_template_back_end.php(218): view('wilayah/v_index')
 6 SYSTEMPATH\View\View.php(240): include('D:\\laragon\\www\\gis_apotekk\\app\\Views\\v_template_back_end.php')
 7 SYSTEMPATH\View\View.php(243): CodeIgniter\View\View->CodeIgniter\View\{closure}()
 8 SYSTEMPATH\Common.php(1250): CodeIgniter\View\View->render('v_template_back_end', [], true)
 9 APPPATH\Controllers\Wilayah.php(28): view('v_template_back_end', [...])
10 SYSTEMPATH\CodeIgniter.php(951): App\Controllers\Wilayah->index()
11 SYSTEMPATH\CodeIgniter.php(497): CodeIgniter\CodeIgniter->runController(Object(App\Controllers\Wilayah))
12 SYSTEMPATH\CodeIgniter.php(340): CodeIgniter\CodeIgniter->handleRequest(null, Object(Config\Cache), false)
13 SYSTEMPATH\Boot.php(417): CodeIgniter\CodeIgniter->run()
14 SYSTEMPATH\Boot.php(68): CodeIgniter\Boot::runCodeIgniter(Object(CodeIgniter\CodeIgniter))
15 FCPATH\index.php(59): CodeIgniter\Boot::bootWeb(Object(Config\Paths))
16 SYSTEMPATH\rewrite.php(44): require_once('D:\\laragon\\www\\gis_apotekk\\public\\index.php')
DEBUG - 2026-05-04 13:31:09 --> Session: Class initialized using 'CodeIgniter\Session\Handlers\FileHandler' driver.
DEBUG - 2026-05-04 13:32:44 --> Session: Class initialized using 'CodeIgniter\Session\Handlers\FileHandler' driver.
DEBUG - 2026-05-04 13:32:44 --> Session: Class initialized using 'CodeIgniter\Session\Handlers\FileHandler' driver.
CRITICAL - 2026-05-04 14:03:48 --> ErrorException: Undefined array key "coordinat_wilayah"
[Method: GET, Route: Wilayah]
in APPPATH\Views\wilayah\v_index.php on line 80.
 1 APPPATH\Views\wilayah\v_index.php(80): CodeIgniter\Debug\Exceptions->errorHandler(2, 'Undefined array key "coordinat_wilayah"', 'D:\\laragon\\www\\gis_apotekk\\app\\Views\\wilayah\\v_index.php', 80)
 2 SYSTEMPATH\View\View.php(240): include('D:\\laragon\\www\\gis_apotekk\\app\\Views\\wilayah\\v_index.php')
 3 SYSTEMPATH\View\View.php(243): CodeIgniter\View\View->CodeIgniter\View\{closure}()
 4 SYSTEMPATH\Common.php(1250): CodeIgniter\View\View->render('wilayah/v_index', [], true)
 5 APPPATH\Views\v_template_back_end.php(226): view('wilayah/v_index')
 6 SYSTEMPATH\View\View.php(240): include('D:\\laragon\\www\\gis_apotekk\\app\\Views\\v_template_back_end.php')
 7 SYSTEMPATH\View\View.php(243): CodeIgniter\View\View->CodeIgniter\View\{closure}()
 8 SYSTEMPATH\Common.php(1250): CodeIgniter\View\View->render('v_template_back_end', [], true)
 9 APPPATH\Controllers\Wilayah.php(28): view('v_template_back_end', [...])
10 SYSTEMPATH\CodeIgniter.php(951): App\Controllers\Wilayah->index()
11 SYSTEMPATH\CodeIgniter.php(497): CodeIgniter\CodeIgniter->runController(Object(App\Controllers\Wilayah))
12 SYSTEMPATH\CodeIgniter.php(340): CodeIgniter\CodeIgniter->handleRequest(null, Object(Config\Cache), false)
13 SYSTEMPATH\Boot.php(417): CodeIgniter\CodeIgniter->run()
14 SYSTEMPATH\Boot.php(68): CodeIgniter\Boot::runCodeIgniter(Object(CodeIgniter\CodeIgniter))
15 FCPATH\index.php(59): CodeIgniter\Boot::bootWeb(Object(Config\Paths))
16 SYSTEMPATH\rewrite.php(44): require_once('D:\\laragon\\www\\gis_apotekk\\public\\index.php')
CRITICAL - 2026-05-04 14:06:56 --> ErrorException: Undefined array key "coordinat_wilayah"
[Method: GET, Route: Wilayah]
in APPPATH\Views\wilayah\v_index.php on line 80.
 1 APPPATH\Views\wilayah\v_index.php(80): CodeIgniter\Debug\Exceptions->errorHandler(2, 'Undefined array key "coordinat_wilayah"', 'D:\\laragon\\www\\gis_apotekk\\app\\Views\\wilayah\\v_index.php', 80)
 2 SYSTEMPATH\View\View.php(240): include('D:\\laragon\\www\\gis_apotekk\\app\\Views\\wilayah\\v_index.php')
 3 SYSTEMPATH\View\View.php(243): CodeIgniter\View\View->CodeIgniter\View\{closure}()
 4 SYSTEMPATH\Common.php(1250): CodeIgniter\View\View->render('wilayah/v_index', [], true)
 5 APPPATH\Views\v_template_back_end.php(226): view('wilayah/v_index')
 6 SYSTEMPATH\View\View.php(240): include('D:\\laragon\\www\\gis_apotekk\\app\\Views\\v_template_back_end.php')
 7 SYSTEMPATH\View\View.php(243): CodeIgniter\View\View->CodeIgniter\View\{closure}()
 8 SYSTEMPATH\Common.php(1250): CodeIgniter\View\View->render('v_template_back_end', [], true)
 9 APPPATH\Controllers\Wilayah.php(28): view('v_template_back_end', [...])
10 SYSTEMPATH\CodeIgniter.php(951): App\Controllers\Wilayah->index()
11 SYSTEMPATH\CodeIgniter.php(497): CodeIgniter\CodeIgniter->runController(Object(App\Controllers\Wilayah))
12 SYSTEMPATH\CodeIgniter.php(340): CodeIgniter\CodeIgniter->handleRequest(null, Object(Config\Cache), false)
13 SYSTEMPATH\Boot.php(417): CodeIgniter\CodeIgniter->run()
14 SYSTEMPATH\Boot.php(68): CodeIgniter\Boot::runCodeIgniter(Object(CodeIgniter\CodeIgniter))
15 FCPATH\index.php(59): CodeIgniter\Boot::bootWeb(Object(Config\Paths))
16 SYSTEMPATH\rewrite.php(44): require_once('D:\\laragon\\www\\gis_apotekk\\public\\index.php')
CRITICAL - 2026-05-04 14:07:40 --> ErrorException: Undefined variable $menu
[Method: GET, Route: Admin/Setting]
in APPPATH\Views\v_template_back_end.php on line 143.
 1 APPPATH\Views\v_template_back_end.php(143): CodeIgniter\Debug\Exceptions->errorHandler(2, 'Undefined variable $menu', 'D:\\laragon\\www\\gis_apotekk\\app\\Views\\v_template_back_end.php', 143)
 2 SYSTEMPATH\View\View.php(240): include('D:\\laragon\\www\\gis_apotekk\\app\\Views\\v_template_back_end.php')
 3 SYSTEMPATH\View\View.php(243): CodeIgniter\View\View->CodeIgniter\View\{closure}()
 4 SYSTEMPATH\Common.php(1250): CodeIgniter\View\View->render('v_template_back_end', [], true)
 5 APPPATH\Controllers\Admin.php(35): view('v_template_back_end', [...])
 6 SYSTEMPATH\CodeIgniter.php(951): App\Controllers\Admin->Setting()
 7 SYSTEMPATH\CodeIgniter.php(497): CodeIgniter\CodeIgniter->runController(Object(App\Controllers\Admin))
 8 SYSTEMPATH\CodeIgniter.php(340): CodeIgniter\CodeIgniter->handleRequest(null, Object(Config\Cache), false)
 9 SYSTEMPATH\Boot.php(417): CodeIgniter\CodeIgniter->run()
10 SYSTEMPATH\Boot.php(68): CodeIgniter\Boot::runCodeIgniter(Object(CodeIgniter\CodeIgniter))
11 FCPATH\index.php(59): CodeIgniter\Boot::bootWeb(Object(Config\Paths))
12 SYSTEMPATH\rewrite.php(44): require_once('D:\\laragon\\www\\gis_apotekk\\public\\index.php')
CRITICAL - 2026-05-04 14:10:38 --> ErrorException: Undefined variable $menu
[Method: GET, Route: Admin]
in APPPATH\Views\v_template_back_end.php on line 143.
 1 APPPATH\Views\v_template_back_end.php(143): CodeIgniter\Debug\Exceptions->errorHandler(2, 'Undefined variable $menu', 'D:\\laragon\\www\\gis_apotekk\\app\\Views\\v_template_back_end.php', 143)
 2 SYSTEMPATH\View\View.php(240): include('D:\\laragon\\www\\gis_apotekk\\app\\Views\\v_template_back_end.php')
 3 SYSTEMPATH\View\View.php(243): CodeIgniter\View\View->CodeIgniter\View\{closure}()
 4 SYSTEMPATH\Common.php(1250): CodeIgniter\View\View->render('v_template_back_end', [], true)
 5 APPPATH\Controllers\Admin.php(25): view('v_template_back_end', [...])
 6 SYSTEMPATH\CodeIgniter.php(951): App\Controllers\Admin->index()
 7 SYSTEMPATH\CodeIgniter.php(497): CodeIgniter\CodeIgniter->runController(Object(App\Controllers\Admin))
 8 SYSTEMPATH\CodeIgniter.php(340): CodeIgniter\CodeIgniter->handleRequest(null, Object(Config\Cache), false)
 9 SYSTEMPATH\Boot.php(417): CodeIgniter\CodeIgniter->run()
10 SYSTEMPATH\Boot.php(68): CodeIgniter\Boot::runCodeIgniter(Object(CodeIgniter\CodeIgniter))
11 FCPATH\index.php(59): CodeIgniter\Boot::bootWeb(Object(Config\Paths))
12 SYSTEMPATH\rewrite.php(44): require_once('D:\\laragon\\www\\gis_apotekk\\public\\index.php')
DEBUG - 2026-05-04 14:13:40 --> Session: Class initialized using 'CodeIgniter\Session\Handlers\FileHandler' driver.
DEBUG - 2026-05-04 14:29:16 --> Session: Class initialized using 'CodeIgniter\Session\Handlers\FileHandler' driver.
DEBUG - 2026-05-04 14:30:12 --> Session: Class initialized using 'CodeIgniter\Session\Handlers\FileHandler' driver.
DEBUG - 2026-05-04 14:30:57 --> Session: Class initialized using 'CodeIgniter\Session\Handlers\FileHandler' driver.
DEBUG - 2026-05-04 14:30:57 --> Session: Class initialized using 'CodeIgniter\Session\Handlers\FileHandler' driver.
DEBUG - 2026-05-04 14:31:01 --> Session: Class initialized using 'CodeIgniter\Session\Handlers\FileHandler' driver.
