CRITICAL - 2026-05-03 14:43:40 --> CodeIgniter\Database\Exceptions\DatabaseException: You must set the database table to be used with your query.
[Method: GET, Route: Wilayah/Edit/1]
in SYSTEMPATH\Database\BaseConnection.php on line 1125.
 1 SYSTEMPATH\Model.php(601): CodeIgniter\Database\BaseConnection->table(null)
 2 SYSTEMPATH\Model.php(751): CodeIgniter\Model->builder()
 3 APPPATH\Controllers\Wilayah.php(88): CodeIgniter\Model->__call('DetailData', [...])
 4 SYSTEMPATH\CodeIgniter.php(951): App\Controllers\Wilayah->Edit('1')
 5 SYSTEMPATH\CodeIgniter.php(497): CodeIgniter\CodeIgniter->runController(Object(App\Controllers\Wilayah))
 6 SYSTEMPATH\CodeIgniter.php(340): CodeIgniter\CodeIgniter->handleRequest(null, Object(Config\Cache), false)
 7 SYSTEMPATH\Boot.php(417): CodeIgniter\CodeIgniter->run()
 8 SYSTEMPATH\Boot.php(68): CodeIgniter\Boot::runCodeIgniter(Object(CodeIgniter\CodeIgniter))
 9 FCPATH\index.php(59): CodeIgniter\Boot::bootWeb(Object(Config\Paths))
10 SYSTEMPATH\rewrite.php(44): require_once('D:\\laragon\\www\\gis_apotekk\\public\\index.php')
CRITICAL - 2026-05-03 14:44:18 --> CodeIgniter\Database\Exceptions\DatabaseException: You must set the database table to be used with your query.
[Method: GET, Route: Wilayah/Edit/1]
in SYSTEMPATH\Database\BaseConnection.php on line 1125.
 1 SYSTEMPATH\Model.php(601): CodeIgniter\Database\BaseConnection->table(null)
 2 SYSTEMPATH\Model.php(751): CodeIgniter\Model->builder()
 3 APPPATH\Controllers\Wilayah.php(88): CodeIgniter\Model->__call('DetailData', [...])
 4 SYSTEMPATH\CodeIgniter.php(951): App\Controllers\Wilayah->Edit('1')
 5 SYSTEMPATH\CodeIgniter.php(497): CodeIgniter\CodeIgniter->runController(Object(App\Controllers\Wilayah))
 6 SYSTEMPATH\CodeIgniter.php(340): CodeIgniter\CodeIgniter->handleRequest(null, Object(Config\Cache), false)
 7 SYSTEMPATH\Boot.php(417): CodeIgniter\CodeIgniter->run()
 8 SYSTEMPATH\Boot.php(68): CodeIgniter\Boot::runCodeIgniter(Object(CodeIgniter\CodeIgniter))
 9 FCPATH\index.php(59): CodeIgniter\Boot::bootWeb(Object(Config\Paths))
10 SYSTEMPATH\rewrite.php(44): require_once('D:\\laragon\\www\\gis_apotekk\\public\\index.php')
DEBUG - 2026-05-03 14:45:30 --> Session: Class initialized using 'CodeIgniter\Session\Handlers\FileHandler' driver.
DEBUG - 2026-05-03 14:45:41 --> Session: Class initialized using 'CodeIgniter\Session\Handlers\FileHandler' driver.
